Checking patch fs/proc/task_mmu.c...
error: while searching for:
				   dev_t dev, unsigned long ino)
{
	seq_setwidth(m, 25 + sizeof(void *) * 6 - 1);
	seq_printf(m, "%08lx-%08lx %c%c%c%c %08llx %02x:%02x %lu ",
		   start,
		   end,
		   flags & VM_READ ? 'r' : '-',
		   flags & VM_WRITE ? 'w' : '-',
		   flags & VM_EXEC ? 'x' : '-',
		   flags & VM_MAYSHARE ? 's' : 'p',
		   pgoff,
		   MAJOR(dev), MINOR(dev), ino);
}

#ifdef CONFIG_KSU_SUSFS_SUS_KSTAT

error: patch failed: fs/proc/task_mmu.c:331
Checking patch fs/seq_file.c...
Checking patch include/linux/seq_file.h...
Applying patch fs/proc/task_mmu.c with 1 reject...
Rejected hunk #1.
Applied patch fs/seq_file.c cleanly.
Applied patch include/linux/seq_file.h cleanly.
